src/pages/Dashboard.tsx(2,23): error TS6133: 'mockCognitiveData' is declared but its value is never read.
src/pages/Dashboard.tsx(11,3): error TS6133: 'Play' is declared but its value is never read.
src/pages/Dashboard.tsx(11,29): error TS6133: 'Headphones' is declared but its value is never read.
src/pages/Dashboard.tsx(11,41): error TS6133: 'Zap' is declared but its value is never read.
src/pages/PhysicalSession.tsx(7,39): error TS6133: 'ChevronRight' is declared but its value is never read.
src/pages/Rehab.tsx(2,18): error TS6133: 'AnimatePresence' is declared but its value is never read.
src/pages/Rehab.tsx(4,1): error TS6133: 'mockExercises' is declared but its value is never read.
src/pages/Rehab.tsx(6,38): error TS6133: 'Play' is declared but its value is never read.
src/pages/Rehab.tsx(6,64): error TS6133: 'ChevronRight' is declared but its value is never read.
src/pages/Rehab.tsx(7,15): error TS6133: 'Trophy' is declared but its value is never read.
src/pages/Rehab.tsx(7,23): error TS6133: 'Zap' is declared but its value is never read.
src/pages/Rehab.tsx(49,10): error TS6133: 'physicalDone' is declared but its value is never read.
src/pages/Rehab.tsx(49,24): error TS6133: 'setPhysicalDone' is declared but its value is never read.
src/pages/Rehab.tsx(50,10): error TS6133: 'cognitiveDone' is declared but its value is never read.
src/pages/Rehab.tsx(50,25): error TS6133: 'setCognitiveDone' is declared but its value is never read.
